
Testing model: gemini-1.5-flash
node : Γ¥î Failed: [GoogleGenerativeAI 
Error]: Error fetching from https://generative
language.googleapis.com/v1beta/models/gemini-1
.5-flash:generateContent: [404 Not Found] 
models/gemini-1.5-flash is not found for API 
version v1beta, or is not supported for 
generateContent. Call ListModels to see the 
list of available models and their supported 
methods.
At line:1 char:1
+ node scripts/test-gemini.js 
AIzaSyDxznEwPY4w8io00p-QhDMabTXNG0z1MH4 > ...
+ ~~~~~~~~~~~~~~~~~~~~~~~~~~~~~~~~~~~~~~~~~~~~
~~~~~~~~~~~~~~~~~~~~~~~~~
    + CategoryInfo          : NotSpecified: ( 
   Γ¥î Failed: [Go...ported methods.:String)  
   [], RemoteException
    + FullyQualifiedErrorId : NativeCommandEr 
   ror
 

Testing model: gemini-1.5-flash-latest
Γ¥î Failed: [GoogleGenerativeAI Error]: Error 
fetching from https://generativelanguage.googl
eapis.com/v1beta/models/gemini-1.5-flash-lates
t:generateContent: [404 Not Found] 
models/gemini-1.5-flash-latest is not found 
for API version v1beta, or is not supported 
for generateContent. Call ListModels to see 
the list of available models and their 
supported methods.

Testing model: gemini-1.5-flash-001
Γ¥î Failed: [GoogleGenerativeAI Error]: Error 
fetching from https://generativelanguage.googl
eapis.com/v1beta/models/gemini-1.5-flash-001:g
enerateContent: [404 Not Found] 
models/gemini-1.5-flash-001 is not found for 
API version v1beta, or is not supported for 
generateContent. Call ListModels to see the 
list of available models and their supported 
methods.

Testing model: gemini-pro
Γ¥î Failed: [GoogleGenerativeAI Error]: Error 
fetching from https://generativelanguage.googl
eapis.com/v1beta/models/gemini-pro:generateCon
tent: [404 Not Found] models/gemini-pro is 
not found for API version v1beta, or is not 
supported for generateContent. Call 
ListModels to see the list of available 
models and their supported methods.
